=== TARGETED CROSSREF SEARCH ===

--- Hsieh2010 : Hsieh Walker Chien Dzombak Vidic plant cooling municipal wastewater ---
{"title": "Reuse of Treated Municipal Wastewater in Power Plant Cooling Systems: Feasibility Analysis", "authors": ["Chien", "Hsieh", "Dzombak", "Vidic"], "year": "2008", "doi": "10.2175/193864708788807411"}
{"title": "Corrosion management in power plant cooling systems using tertiary-treated municipal wastewater as makeup water", "authors": ["Choudhury", "Hsieh", "Vidic", "Dzombak"], "year": "2012", "doi": "10.1016/j.corsci.2012.04.042"}
{"title": "Utilization of municipal wastewater for cooling in thermoelectric power plants", "authors": ["Safari", "Walker", "Hsieh", "Dzombak"], "year": "2013", "doi": "10.1016/j.fuel.2013.03.062"}
{"title": "Use of Treated Municipal Wastewater as Power Plant Cooling System Makeup Water: Tertiary Treatment versus Expanded Chemical Regimen for Recirculating Water Quality Management", "authors": ["Dzombak", "Vidic", "Landis"], "year": "2012", "doi": "10.2172/1063876"}
{"title": "Life cycle costs to treat secondary municipal wastewater for reuse in cooling systems", "authors": ["Theregowda", "Hsieh", "Walker", "Landis"], "year": "2013", "doi": "10.2166/wrd.2013.078"}
{"title": "Mineral scaling mitigation in cooling systems using tertiary-treated municipal wastewater", "authors": ["Liu", "Chien", "Dzombak", "Vidic"], "year": "2012", "doi": "10.1016/j.watres.2012.05.041"}

--- Walker2012 : Walker Vidic Dzombak tertiary treated municipal wastewater scale formation cooling ---
{"title": "Use of Treated Municipal Wastewater as Power Plant Cooling System Makeup Water: Tertiary Treatment versus Expanded Chemical Regimen for Recirculating Water Quality Management", "authors": ["Dzombak", "Vidic", "Landis"], "year": "2012", "doi": "10.2172/1063876"}
{"title": "Mineral scaling mitigation in cooling systems using tertiary-treated municipal wastewater", "authors": ["Liu", "Chien", "Dzombak", "Vidic"], "year": "2012", "doi": "10.1016/j.watres.2012.05.041"}
{"title": "Corrosion management in power plant cooling systems using tertiary-treated municipal wastewater as makeup water", "authors": ["Choudhury", "Hsieh", "Vidic", "Dzombak"], "year": "2012", "doi": "10.1016/j.corsci.2012.04.042"}
{"title": "Impact of Tertiary Treatment Processes on the Effectiveness of Chloramination for Biological Growth Control in Recirculating Cooling Systems Using Treated Municipal Wastewater", "authors": ["Chien", "Liu", "Dzombak", "Vidic"], "year": "2014", "doi": "10.1061/(asce)ee.1943-7870.0000788"}
{"title": "Utilization of municipal wastewater for cooling in thermoelectric power plants", "authors": ["Safari", "Walker", "Hsieh", "Dzombak"], "year": "2013", "doi": "10.1016/j.fuel.2013.03.062"}
{"title": "Control of mineral scale deposition in cooling systems using secondary-treated municipal wastewater", "authors": ["Li", "Hsieh", "Chien", "Monnell"], "year": "2011", "doi": "10.1016/j.watres.2010.08.052"}

--- Wang2020 : Wang Yang Sun water reuse recycling industrial systems review technologies applications ---
{"title": "Review comments", "authors": ["Anonymous"], "year": "2017", "doi": "10.5194/dwes-2017-2-sc1"}
{"title": "Review Comments", "authors": ["Anonymous"], "year": "2017", "doi": "10.5194/dwes-2017-2-rc2"}
{"title": "review comments", "authors": ["Anonymous"], "year": "2017", "doi": "10.5194/dwes-2017-2-rc1"}
{"title": "Wastewater Treatment, Recycling and Reuse", "authors": ["Tewari"], "year": "2020", "doi": "10.1201/9781315101514-7"}
{"title": "Simulation, Control, and Optimization of Water Systems in Industrial Plants", "authors": ["Panigrahi", "Sharma"], "year": "2014", "doi": "10.1016/b978-0-08-099968-5.00012-x"}
{"title": "Urban Wastewater Treatment for Recycling and Reuse in Industrial Applications", "authors": ["Saravanane", "Ranade", "Bhandari", "Seshagiri Rao"], "year": "2014", "doi": "10.1016/b978-0-08-099968-5.00007-6"}

=== MDPI RETRY ===
16_Qin2016_Water.pdf: ERR HTTP Error 403: Forbidden
