DONE 01 01_Xiao2025_NatSustain.pdf verified=True oa=hybrid dl=False
DONE 02 02_Masanet2020_Science.pdf verified=True oa=closed dl=False
DONE 03 03_deVries2023_Joule.pdf verified=True oa=bronze dl=False
DONE 04 04_Ebrahimi2014_RSER.pdf verified=True oa=closed dl=False
DONE 05 05_Zhang2014_RSER.pdf verified=True oa=closed dl=False
DONE 06 06_Chen2022_FrontEnergy.pdf verified=True oa=gold dl=False
DONE 07 07_Kenway2011_WST.pdf verified=True oa=closed dl=False
DONE 08 08_Urich2014_WST.pdf verified=True oa=closed dl=False
DONE 09 09_Cai2025_EcolModel.pdf verified=True oa=green dl=False
DONE 10 10_Voskamp2020_JCLP.pdf verified=True oa=hybrid dl=False
DONE 11 11_Nezami2022_SCS.pdf verified=True oa=closed dl=False
DONE 12 12_Hsieh2010_EST.pdf verified=False oa=err dl=False
DONE 13 13_Walker2012_WaterRes.pdf verified=False oa=closed dl=False
DONE 14 14_Wang2020_JCLP.pdf verified=False oa=hybrid dl=False
DONE 15 15_Vakilifard2019_ApplEnergy.pdf verified=True oa=closed dl=False
DONE 16 16_Qin2016_Water.pdf verified=True oa=gold dl=False
DONE 17 17_Wang2021_EcolIndic.pdf verified=True oa=hybrid dl=False
DONE 18 18_Blokker2010_JWRPM.pdf verified=True oa=closed dl=False
DONE 19 19_Haasnoot2013_GEC.pdf verified=True oa=hybrid dl=False
DONE 20 20_Mortazavi2015_EnvModSoft.pdf verified=True oa=closed dl=False
ALL_DONE
