=== CROSSREF TITLE SEARCH (correct DOIs) ===

--- Hsieh2010 ---
{"title": "Analysis of the Water–Energy Nexus of Treated Wastewater Reuse at a Municipal Scale", "first_author": "Santos", "year": "2021", "doi": "10.3390/w13141911"}
{"title": "00/03420 Reuse of treated municipal wastewater for power plant water", "first_author": "?", "year": "2000", "doi": "10.1016/s0140-6701(00)94493-x"}
{"title": "Investigating the Energy-Water Usage Efficiency of the Reuse of Treated Municipal Wastewater for Artificial Groundwater Recharge", "first_author": "?", "year": "", "doi": "10.1021/acs.est.5b04465.s001"}
{"title": "Purifying Anaerobically Treated Municipal Secondary Wastewater Effluent by a Reverse Osmosis-Based Potable Reuse Treatment Train", "first_author": "?", "year": "", "doi": "10.1021/acsestwater.5c00535.s001"}
{"title": "Reuse of Treated Municipal Wastewater in Power Plant Cooling Systems: Feasibility Analysis", "first_author": "Chien", "year": "2008", "doi": "10.2175/193864708788807411"}

--- Walker2012 ---
{"title": "Mineral scaling mitigation in cooling systems using tertiary-treated municipal wastewater", "first_author": "Liu", "year": "2012", "doi": "10.1016/j.watres.2012.05.041"}
{"title": "Use of Treated Municipal Wastewater as Power Plant Cooling System Makeup Water: Tertiary Treatment versus Expanded Chemical Regimen for Recirculating Water Quality Management", "first_author": "Dzombak", "year": "2012", "doi": "10.2172/1063876"}
{"title": "Corrosion management in power plant cooling systems using tertiary-treated municipal wastewater as makeup water", "first_author": "Choudhury", "year": "2012", "doi": "10.1016/j.corsci.2012.04.042"}
{"title": "Control of mineral scale deposition in cooling systems using secondary-treated municipal wastewater", "first_author": "Li", "year": "2011", "doi": "10.1016/j.watres.2010.08.052"}
{"title": "Using tertiary-treated municipal wastewater as makeup water by reverse osmosis membrane", "first_author": "Kornboonraksa", "year": "2016", "doi": "10.1080/19443994.2015.1024937"}

--- Wang2020 ---
{"title": "Review comments", "first_author": "Anonymous", "year": "2017", "doi": "10.5194/dwes-2017-2-sc1"}
{"title": "Review Comments", "first_author": "Anonymous", "year": "2017", "doi": "10.5194/dwes-2017-2-rc2"}
{"title": "review comments", "first_author": "Anonymous", "year": "2017", "doi": "10.5194/dwes-2017-2-rc1"}
{"title": "Wastewater Treatment, Recycling and Reuse", "first_author": "Tewari", "year": "2020", "doi": "10.1201/9781315101514-7"}
{"title": "Simulation, Control, and Optimization of Water Systems in Industrial Plants", "first_author": "Panigrahi", "year": "2014", "doi": "10.1016/b978-0-08-099968-5.00012-x"}

=== DIRECT OA DOWNLOAD ATTEMPTS ===
06_Chen2022_FrontEnergy.pdf: OK 939227 bytes
16_Qin2016_Water.pdf: ERR HTTP Error 403: Forbidden
09_Cai2025_EcolModel.pdf: ERR HTTP Error 403: Forbidden
