01 Wang2026 [ESE] -> FAIL (SD-pdfft:<HTTPError 403: 'Forbidden'>) 0B
02 Lei2025 [RCR] -> FAIL (SD-pdfft:<HTTPError 403: 'Forbidden'>) 0B
03 Jiang2025 [ApplEnergy] -> FAIL (SD-pdfft:<HTTPError 403: 'Forbidden'>) 0B
04 Lei2022 [RCR] -> FAIL (SD-pdfft:<HTTPError 403: 'Forbidden'>) 0B
05 Li2025 [CACM] -> FAIL (ACM:<HTTPError 403: 'Forbidden'>) 0B
06 Siddik2021 [ERL] -> FAIL (IOP:not-pdf) 0B
07 Karimi2022 [RCR] -> FAIL (SD-pdfft:<HTTPError 403: 'Forbidden'>) 0B
08 Privette2026 [AGUAdv] -> FAIL (AGU-epdf:<HTTPError 403: 'Forbidden'>) 0B
09 Barnett-Itzhaki2026 [WaterRes] -> FAIL (SD-pdfft:<HTTPError 403: 'Forbidden'>) 0B
10 Behzadian2014 [DWES] -> OK (Copernicus) 2272575B
11 Dobson2024 [GMD] -> OK (Copernicus) 4574453B
12 Landa-Cansigno2020 [ESPR] -> OK (Springer) 2953254B
13 Renouf2018 [WaterRes] -> FAIL (SD-pdfft:<HTTPError 403: 'Forbidden'>) 0B
14 Alissa2025 [Nature] -> OK (Nature) 7512626B
15 Mytton2021 [npjCW] -> OK (Nature) 658727B
16 Zou2025 [ApplEnergy] -> FAIL (SD-pdfft:<HTTPError 403: 'Forbidden'>) 0B
17 Radini2021 [ApplEnergy] -> FAIL (SD-pdfft:<HTTPError 403: 'Forbidden'>) 0B
18 Dai2022 [JCLP] -> FAIL (SD-pdfft:<HTTPError 403: 'Forbidden'>) 0B
19 Zhou2019 [STOTEN] -> FAIL (SD-pdfft:<HTTPError 403: 'Forbidden'>) 0B
20 House-Peters2011 [WRR] -> FAIL (AGU-epdf:<HTTPError 403: 'Forbidden'>) 0B

=== SUMMARY: 5 OK / 20 total; 15 failed ===
FAILED: 01 Wang ESE 10.1016/j.ese.2026.100702 -> SD-pdfft:<HTTPError 403: 'Forbidden'>
FAILED: 02 Lei RCR 10.1016/j.resconrec.2025.108310 -> SD-pdfft:<HTTPError 403: 'Forbidden'>
FAILED: 03 Jiang ApplEnergy 10.1016/j.apenergy.2025.126522 -> SD-pdfft:<HTTPError 403: 'Forbidden'>
FAILED: 04 Lei RCR 10.1016/j.resconrec.2022.106323 -> SD-pdfft:<HTTPError 403: 'Forbidden'>
FAILED: 05 Li CACM 10.1145/3724499 -> ACM:<HTTPError 403: 'Forbidden'>
FAILED: 06 Siddik ERL 10.1088/1748-9326/abfba1 -> IOP:not-pdf
FAILED: 07 Karimi RCR 10.1016/j.resconrec.2022.106194 -> SD-pdfft:<HTTPError 403: 'Forbidden'>
FAILED: 08 Privette AGUAdv 10.1029/2025AV002140 -> AGU-epdf:<HTTPError 403: 'Forbidden'>
FAILED: 09 Barnett-Itzhaki WaterRes 10.1016/j.watres.2026.125866 -> SD-pdfft:<HTTPError 403: 'Forbidden'>
FAILED: 13 Renouf WaterRes 10.1016/j.watres.2018.01.070 -> SD-pdfft:<HTTPError 403: 'Forbidden'>
FAILED: 16 Zou ApplEnergy 10.1016/j.apenergy.2025.125700 -> SD-pdfft:<HTTPError 403: 'Forbidden'>
FAILED: 17 Radini ApplEnergy 10.1016/j.apenergy.2021.117268 -> SD-pdfft:<HTTPError 403: 'Forbidden'>
FAILED: 18 Dai JCLP 10.1016/j.jclepro.2022.131137 -> SD-pdfft:<HTTPError 403: 'Forbidden'>
FAILED: 19 Zhou STOTEN 10.1016/j.scitotenv.2019.02.146 -> SD-pdfft:<HTTPError 403: 'Forbidden'>
FAILED: 20 House-Peters WRR 10.1029/2010WR009624 -> AGU-epdf:<HTTPError 403: 'Forbidden'>
