Collecting playwright
  Using cached playwright-1.62.0-py3-none-win_amd64.whl.metadata (3.3 kB)
Collecting pyee<14,>=13 (from playwright)
  Using cached pyee-13.0.1-py3-none-any.whl.metadata (3.0 kB)
Collecting greenlet<4.0.0,>=3.1.1 (from playwright)
  Downloading greenlet-3.5.6-cp313-cp313-win_amd64.whl.metadata (3.9 kB)
Requirement already satisfied: typing-extensions in C:\Users\mmrgr\.workbuddy\binaries\python\envs\default\Lib\site-packages (from pyee<14,>=13->playwright) (4.15.0)
Using cached playwright-1.62.0-py3-none-win_amd64.whl (38.2 MB)
Downloading greenlet-3.5.6-cp313-cp313-win_amd64.whl (324 kB)
Using cached pyee-13.0.1-py3-none-any.whl (15 kB)
Installing collected packages: pyee, greenlet, playwright

Successfully installed greenlet-3.5.6 playwright-1.62.0 pyee-13.0.1
pip.exe : 
所在位置 行:446 字符: 1
+ & "$venv\Scripts\pip.exe" install playwright 2>&1 | Out-File -FilePat ...
+ ~~~~~~~~~~~~~~~~~~~~~~~~~~~~~~~~~~~~~~~~~~~~~~~~~
    + CategoryInfo          : NotSpecified: (:String) [], RemoteException
    + FullyQualifiedErrorId : NativeCommandError
 
[notice] A new release of pip is available: 26.1.2 -> 26.2.1
[notice] To update, run: C:\Users\mmrgr\.workbuddy\binaries\python\envs\default
\Scripts\python.exe -m pip install --upgrade pip
